[lixingyong.com/index.html]
[backblue.gif]
[fade.gif]
[index.html]
[at.alicdn.com/t/font_2010950_sh9o0r7ahar.css]
[lixingyong.com/themes/LIlGG_Sakura/styles/style.minc412.css]
[lixingyong.com/themes/LIlGG_Sakura/source/css/lib.css]
[lixingyong.com/themes/LIlGG_Sakura/source/lib/APlayer/APlayer.min.css]
[unpkg.com/katex@0.12.0/dist/katex.min.css]
[lixingyong.com/themes/LIlGG_Sakura/source/images/play@32x32.png]
[lixingyong.com/themes/LIlGG_Sakura/source/images/sns/qq.png]
[lixingyong.com/themes/LIlGG_Sakura/source/images/sns/github.png]
[lixingyong.com/themes/LIlGG_Sakura/source/images/sns/bilibili.png]
[lixingyong.com/themes/LIlGG_Sakura/source/images/sns/wangyiyun.png]
[lixingyong.com/themes/LIlGG_Sakura/source/images/sns/jianshu.png]
[lixingyong.com/themes/LIlGG_Sakura/source/images/sns/zhihu.png]
[lixingyong.com/themes/LIlGG_Sakura/source/images/sns/csdn.png]
[lixingyong.com/upload/2021/09/微信图片_20201217154210-e5202587f5fd4a77b4f141501edd2f64.jpg]
[lixingyong.com/archives.html]
[lixingyong.com/s/music.html]
[lixingyong.com/categories.html]
[lixingyong.com/tags.html]
[lixingyong.com/journals.html]
[lixingyong.com/photos.html]
[lixingyong.com/s/comment.html]
[lixingyong.com/s/friend.html]
[lixingyong.com/s/donate.html]
[lixingyong.com/s/halo-theme-sakure.html]
[lixingyong.com/sitemap.html]
[lixingyong.com/rss.xml]
[cdn.lixingyong.com/halo-sakura/image/232714_15916861484833160.jpg]
[cdn.lixingyong.com/2020/12/25/62258773_p0d397eedbbb1fd68e.png]
[lixingyong.com/2021/01/05/halo主题sakura食用说明.html]
[cdn.lixingyong.com/halo-sakura/image/声之形 石田将也 西宫硝子4k动漫壁纸4096x2160_彼岸图网_15916868180083160.jpg]
[lixingyong.com/categories/opensource.html]
[lixingyong.com/2020/10/21/随机图片api.html]
[lixingyong.com/categories/api.html]
[lixingyong.com/2020/08/14/xxl-job.html]
[lixingyong.com/categories/experience.html]
[lixingyong.com/2020/08/13/mybatis.html]
[lixingyong.com/2020/06/22/marked.html]
[lixingyong.com/2020/06/18/saiku.html]
[lixingyong.com/2020/06/08/ztree.html]
[lixingyong.com/2020/06/08/nginx-ddos-cc.html]
[lixingyong.com/categories/page.html]
[lixingyong.com/2020/06/08/mysql.html]
[lixingyong.com/2020/06/08/quartz.html]
[lixingyong.com/page/2.html]
[hm.baidu.com/hm85cc.js]
[lixingyong.com/themes/LIlGG_Sakura/script/utils.minc412.js]
[lixingyong.com/themes/LIlGG_Sakura/source/lib/lazysizes/lazysizes.min.js]
[lixingyong.com/themes/LIlGG_Sakura/source/js/lib.js]
[lixingyong.com/themes/LIlGG_Sakura/source/lib/isotope.pkgd.min/index.js]
[lixingyong.com/themes/LIlGG_Sakura/source/lib/imagesloaded/imagesloaded.pkgd.min.js]
[lixingyong.com/themes/LIlGG_Sakura/source/js/highlight/highlight.pack.js]
[lixingyong.com/themes/LIlGG_Sakura/source/js/highlight/highlightjs-line-numbers.min.js]
[lixingyong.com/themes/LIlGG_Sakura/source/lib/APlayer/APlayer.min.js]
[lixingyong.com/themes/LIlGG_Sakura/plugins/aplayer/js/index.js]
[lixingyong.com/themes/LIlGG_Sakura/source/lib/tocbot/dist/tocbot.min.js]
[lixingyong.com/themes/LIlGG_Sakura/source/js/comment/sakura-comment.minc412.js]
[lixingyong.com/themes/LIlGG_Sakura/source/lib/jqcloud2/jqcloud.min.js]
[lixingyong.com/themes/LIlGG_Sakura/source/js/echarts/echarts.min.js]
[lixingyong.com/themes/LIlGG_Sakura/source/js/qrcode.min.js]
[lixingyong.com/themes/LIlGG_Sakura/source/lib/flv.min/index.js]
[lixingyong.com/themes/LIlGG_Sakura/script/i18n.minc412.js]
[lixingyong.com/themes/LIlGG_Sakura/script/app.minc412.js]
[lixingyong.com/themes/LIlGG_Sakura/source/lib/jquery-ui/jquery-ui.min.js]
[lixingyong.com/themes/LIlGG_Sakura/plugins/live2d/css/takagi.min.css]
[lixingyong.com/themes/LIlGG_Sakura/plugins/live2d/js/takagi-tips.min.js]
[lixingyong.com/index.html]
[lixingyong.com/themes/LIlGG_Sakura/styles/style.minc412.css]
[at.alicdn.com/t/font_2010950_sh9o0r7ahar55e6.woff2]
[at.alicdn.com/t/font_2010950_sh9o0r7ahar55e6.woff]
[at.alicdn.com/t/font_2010950_sh9o0r7ahar55e6.ttf]
[at.alicdn.com/t/font_2010950_sh9o0r7ahar.css]
[lixingyong.com/themes/LIlGG_Sakura/source/fonts/fontawesome-webfont3e6e.eot]
[lixingyong.com/themes/LIlGG_Sakura/plugins/live2d/js/live2d.min.js]
[lixingyong.com/themes/LIlGG_Sakura/source/fonts/fontawesome-webfontd41d.eot]
[lixingyong.com/themes/LIlGG_Sakura/source/fonts/fontawesome-webfont3e6e.woff2]
[lixingyong.com/themes/LIlGG_Sakura/source/fonts/fontawesome-webfont3e6e.woff]
[lixingyong.com/themes/LIlGG_Sakura/source/fonts/fontawesome-webfont3e6e.ttf]
[lixingyong.com/themes/LIlGG_Sakura/source/css/lib.css]
[lixingyong.com/themes/LIlGG_Sakura/source/css/highlight/highlight-AndroidStudio.css]
[lixingyong.com/themes/LIlGG_Sakura/source/lib/APlayer/APlayer.min.css]
[lixingyong.com/themes/LIlGG_Sakura/source/lib/jqcloud2/jqcloud.min.css]
[lixingyong.com/themes/LIlGG_Sakura/source/fonts/fontawesome-webfont3e6e.svg]
[unpkg.com/katex@0.12.0/dist/fonts/KaTeX_AMS-Regular.woff2]
[unpkg.com/katex@0.12.0/dist/fonts/KaTeX_AMS-Regular.woff]
[unpkg.com/katex@0.12.0/dist/fonts/KaTeX_AMS-Regular.ttf]
[unpkg.com/katex@0.12.0/dist/fonts/KaTeX_Caligraphic-Bold.woff2]
[unpkg.com/katex@0.12.0/dist/fonts/KaTeX_Caligraphic-Bold.woff]
[unpkg.com/katex@0.12.0/dist/fonts/KaTeX_Caligraphic-Regular.woff2]
[unpkg.com/katex@0.12.0/dist/fonts/KaTeX_Caligraphic-Regular.woff]
[unpkg.com/katex@0.12.0/dist/fonts/KaTeX_Caligraphic-Bold.ttf]
[unpkg.com/katex@0.12.0/dist/fonts/KaTeX_Fraktur-Bold.woff2]
[unpkg.com/katex@0.12.0/dist/fonts/KaTeX_Fraktur-Bold.woff]
[unpkg.com/katex@0.12.0/dist/fonts/KaTeX_Fraktur-Bold.ttf]
[unpkg.com/katex@0.12.0/dist/fonts/KaTeX_Fraktur-Regular.woff2]
[unpkg.com/katex@0.12.0/dist/fonts/KaTeX_Fraktur-Regular.woff]
[unpkg.com/katex@0.12.0/dist/fonts/KaTeX_Fraktur-Regular.ttf]
[unpkg.com/katex@0.12.0/dist/fonts/KaTeX_Main-Bold.woff2]
[unpkg.com/katex@0.12.0/dist/fonts/KaTeX_Main-Bold.woff]
[unpkg.com/katex@0.12.0/dist/fonts/KaTeX_Main-Bold.ttf]
[unpkg.com/katex@0.12.0/dist/fonts/KaTeX_Main-BoldItalic.woff2]
[unpkg.com/katex@0.12.0/dist/fonts/KaTeX_Main-BoldItalic.woff]
[unpkg.com/katex@0.12.0/dist/fonts/KaTeX_Caligraphic-Regular.ttf]
[unpkg.com/katex@0.12.0/dist/fonts/KaTeX_Main-Italic.woff2]
[unpkg.com/katex@0.12.0/dist/fonts/KaTeX_Main-BoldItalic.ttf]
[unpkg.com/katex@0.12.0/dist/fonts/KaTeX_Main-Italic.woff]
[unpkg.com/katex@0.12.0/dist/fonts/KaTeX_Main-Regular.woff2]
[unpkg.com/katex@0.12.0/dist/fonts/KaTeX_Main-Italic.ttf]
[unpkg.com/katex@0.12.0/dist/fonts/KaTeX_Main-Regular.woff]
[unpkg.com/katex@0.12.0/dist/fonts/KaTeX_Main-Regular.ttf]
[unpkg.com/katex@0.12.0/dist/fonts/KaTeX_Math-BoldItalic.woff2]
[unpkg.com/katex@0.12.0/dist/fonts/KaTeX_Math-BoldItalic.woff]
[unpkg.com/katex@0.12.0/dist/fonts/KaTeX_Math-Italic.woff2]
[unpkg.com/katex@0.12.0/dist/fonts/KaTeX_Math-BoldItalic.ttf]
[unpkg.com/katex@0.12.0/dist/fonts/KaTeX_Math-Italic.woff]
[unpkg.com/katex@0.12.0/dist/fonts/KaTeX_SansSerif-Bold.woff2]
[unpkg.com/katex@0.12.0/dist/fonts/KaTeX_SansSerif-Bold.woff]
[unpkg.com/katex@0.12.0/dist/fonts/KaTeX_Math-Italic.ttf]
[unpkg.com/katex@0.12.0/dist/fonts/KaTeX_SansSerif-Italic.woff2]
[unpkg.com/katex@0.12.0/dist/fonts/KaTeX_SansSerif-Italic.woff]
[unpkg.com/katex@0.12.0/dist/fonts/KaTeX_SansSerif-Bold.ttf]
[unpkg.com/katex@0.12.0/dist/fonts/KaTeX_SansSerif-Regular.woff2]
[unpkg.com/katex@0.12.0/dist/fonts/KaTeX_SansSerif-Regular.woff]
[unpkg.com/katex@0.12.0/dist/fonts/KaTeX_SansSerif-Regular.ttf]
[unpkg.com/katex@0.12.0/dist/fonts/KaTeX_SansSerif-Italic.ttf]
[unpkg.com/katex@0.12.0/dist/fonts/KaTeX_Script-Regular.woff2]
[unpkg.com/katex@0.12.0/dist/fonts/KaTeX_Script-Regular.woff]
[unpkg.com/katex@0.12.0/dist/fonts/KaTeX_Size1-Regular.woff2]
[unpkg.com/katex@0.12.0/dist/fonts/KaTeX_Script-Regular.ttf]
[unpkg.com/katex@0.12.0/dist/fonts/KaTeX_Size1-Regular.woff]
[unpkg.com/katex@0.12.0/dist/fonts/KaTeX_Size1-Regular.ttf]
[unpkg.com/katex@0.12.0/dist/fonts/KaTeX_Size2-Regular.woff2]
[unpkg.com/katex@0.12.0/dist/fonts/KaTeX_Size2-Regular.woff]
[unpkg.com/katex@0.12.0/dist/fonts/KaTeX_Size3-Regular.woff2]
[unpkg.com/katex@0.12.0/dist/fonts/KaTeX_Size3-Regular.woff]
[unpkg.com/katex@0.12.0/dist/fonts/KaTeX_Size3-Regular.ttf]
[unpkg.com/katex@0.12.0/dist/fonts/KaTeX_Size4-Regular.woff2]
[unpkg.com/katex@0.12.0/dist/fonts/KaTeX_Size2-Regular.ttf]
[unpkg.com/katex@0.12.0/dist/fonts/KaTeX_Size4-Regular.woff]
[unpkg.com/katex@0.12.0/dist/fonts/KaTeX_Size4-Regular.ttf]
[unpkg.com/katex@0.12.0/dist/fonts/KaTeX_Typewriter-Regular.woff2]
[unpkg.com/katex@0.12.0/dist/fonts/KaTeX_Typewriter-Regular.woff]
[unpkg.com/katex@0.12.0/dist/katex.min.css]
[lixingyong.com/themes/LIlGG_Sakura/source/images/next-b.svg]
[unpkg.com/katex@0.12.0/dist/fonts/KaTeX_Typewriter-Regular.ttf]
[lixingyong.com/2020/06/08/jquery-dom-select.html]
[lixingyong.com/2020/06/08/nprogress.html]
[lixingyong.com/2020/06/08/echarts-monitor.html]
[lixingyong.com/2020/06/08/vue-autocompletion.html]
[lixingyong.com/2020/06/08/vue-install.html]
[lixingyong.com/archives.html]
[lixingyong.com/s/music.html]
[lixingyong.com/2020/06/08/helloworld.html]
[lixingyong.com/themes/LIlGG_Sakura/source/images/svg/loader/orange.progress-bar-stripe-loader.svg]
[lixingyong.com/categories/tools.html]
[lixingyong.com/categories/工作文章.html]
[lixingyong.com/categories.html]
[lixingyong.com/categories/java.html]
[lixingyong.com/tags/帮助文档.html]
[lixingyong.com/tags/api.html]
[lixingyong.com/tags/主题.html]
[lixingyong.com/tags/分布式.html]
[lixingyong.com/tags/php.html]
[lixingyong.com/tags/mybatisplus.html]
[lixingyong.com/tags/mybatis.html]
[lixingyong.com/tags/git.html]
[lixingyong.com/tags/npm.html]
[lixingyong.com/tags/marked.html]
[lixingyong.com/tags/ztree.html]
[lixingyong.com/tags/nginx.html]
[lixingyong.com/tags/mysql.html]
[lixingyong.com/tags/java.html]
[lixingyong.com/tags/springboot.html]
[lixingyong.com/tags/quartz.html]
[lixingyong.com/tags/jquery.html]
[lixingyong.com/tags/echarts.html]
[lixingyong.com/tags/javascript.html]
[lixingyong.com/tags.html]
[lixingyong.com/tags/vue.html]
[lixingyong.com/themes/LIlGG_Sakura/source/images/svg/loader/trans.ajax-spinner-preloader.svg]
[cdn.lixingyong.com/2021/12/25/94996301_p0.md.jpg]
[lixingyong.com/journals.html]
[lixingyong.com/journals/page/2.html]
[cdn.lixingyong.com/2020/08/11/1374389547233616.jpg]
[lixingyong.com/themes/LIlGG_Sakura/source/images/load/load.gif]
[cdn.lixingyong.com/halo-sakura/image/透明雨伞4k_1594891192744.jpg]
[cdn.lixingyong.com/2020/07/18/4c994a839314896bd49704be7700b750.jpg]
[cdn.lixingyong.com/2020/07/18/5ba4a0ce81f56a26591ead02b68a874e.jpg]
[cdn.lixingyong.com/2020/07/20/f24e30fb0b1c77abf0f789de9374314a.png]
[cdn.lixingyong.com/2020/07/20/fd5ff8ddf6b2bd49fe2f488626bad5a6.png]
[cdn.lixingyong.com/2020/07/20/53c1c3913427ee7504fd228dbda06d6b.png]
[cdn.lixingyong.com/2020/07/20/70dad5aeeecabef13fc7b60570527805.png]
[cdn.lixingyong.com/2020/07/20/2b46eee2f7e9c759b051caa1a3ac1cc9.jpg]
[cdn.lixingyong.com/2020/07/20/bed01c4512ed8908ca6f6698f73c3b09.jpg]
[cdn.lixingyong.com/2020/07/20/2e9d389a86f04cbb62a8da1b34d4453b.png]
[cdn.lixingyong.com/2020/07/18/b6e6f0e728f8cb687c2f0f1588e123f8.jpg]
[cdn.lixingyong.com/2020/07/18/10576d3617802dc045024d5edd7ea90d.jpg]
[cdn.lixingyong.com/2020/07/17/9f2fa637696f4827e1a8c7d7836d1550.jpg]
[cdn.lixingyong.com/2020/07/17/014c4e6f8bf7c901f93d44568741fd6b.jpg]
[cdn.lixingyong.com/2020/07/16/6943d4f41793e549c441d6828d91181f.jpg]
[cdn.lixingyong.com/2020/07/18/5923fde378d03ac414c8d23ae1d46d9f.jpg]
[cdn.lixingyong.com/2020/07/18/106fac386104e0ce2ef7c5e9dc625a5e.jpg]
[cdn.lixingyong.com/2020/07/18/4037ab7dcad1abf8f94b38da93d90fec.jpg]
[cdn.lixingyong.com/2020/07/18/429aea9a1f47476a5042693165322c47.jpg]
[cdn.lixingyong.com/2020/07/16/91e7258b8de0fe2924f4709cb13851ee.jpg]
[cdn.lixingyong.com/2020/07/16/d667b036a878f828038d0eacc6cca684.jpg]
[cdn.lixingyong.com/2020/07/16/90f40f18eaf89dec19e34cb006c95331.jpg]
[cdn.lixingyong.com/2020/07/16/354bc4457b33051bac610341c3f44549.jpg]
[cdn.lixingyong.com/2020/07/16/cddd598085696047ffd42c639462b53f.jpg]
[cdn.lixingyong.com/2020/07/16/eac97a5aa0935e8d9e991ba03765124d.jpg]
[cdn.lixingyong.com/2020/08/11/109951163108887351.png]
[cdn.lixingyong.com/2020/08/11/18967675091072753.png]
[cdn.lixingyong.com/2020/08/11/109951164106001481.png]
[cdn.lixingyong.com/2020/08/11/18542164092723976.png]
[cdn.lixingyong.com/2020/08/11/109951164375191998.png]
[cdn.lixingyong.com/2020/08/11/19186477904926453.png]
[cdn.lixingyong.com/2020/08/11/109951163101761660.png]
[cdn.lixingyong.com/2020/08/11/18944585346835267.png]
[cdn.lixingyong.com/2020/08/11/18623527953015605.png]
[cdn.lixingyong.com/2020/08/11/18833534673918463.png]
[cdn.lixingyong.com/2020/08/11/109951163114453516.png]
[cdn.lixingyong.com/2020/08/11/109951163325451685.png]
[cdn.lixingyong.com/2021/01/27/p_21127_10009.png]
[cdn.lixingyong.com/2021/01/27/p_21127_10003.png]
[lixingyong.com/photos.html]
[lixingyong.com/s/comment.html]
[lixingyong.com/s/friend.html]
[cdn.lixingyong.com/img/other/微信图片_20210114094011.jpg]
[v-lxy-cdn.oss-cn-beijing.aliyuncs.com/img/other/支付宝.png]
[lixingyong.com/s/donate.html]
[lixingyong.com/s/halo-theme-sakure.html]
[lixingyong.com/sitemap.html]
[cdn.lixingyong.com/2021/01/05/1609661073463-fbfcb00e-3abf-4d6e-a893-48886530c249.png]
[cdn.jsdelivr.net/gh/LIlGG/halo-comment-sakura@v1.3.1/dist/halo-comment.min.js]
[cdn.lixingyong.com/2021/01/05/1609661357032-526ea641-72e1-4b5b-90a4-ed76a3df2bb2.png]
[cdn.lixingyong.com/2021/01/05/1609661736967-ba5e432f-70e5-4348-ad5d-4a5bd4bc2681.png]
[cdn.lixingyong.com/2021/01/05/1609662653545-ada1eb84-c54f-497a-b1fb-95e9c102bd0b.png]
[cdn.lixingyong.com/2021/01/05/1609663946158-976342bd-535a-4c55-84ea-e67a6d725482.png]
[cdn.lixingyong.com/2021/01/05/1609664395930-7fb30c38-65b8-4b8e-aba0-bf091df9165e.png]
[lixingyong.com/upload/2021/01/image-605239ec0abd41509b65cadbe958518d.png]
[lixingyong.com/upload/2021/01/image-4127f570027e44e98912165b9e9ac9e9.png]
[cdn.lixingyong.com/2021/01/05/1609665921680-5b1f21f9-8500-4b57-beb3-6546da5a46da.png]
[cdn.lixingyong.com/2021/01/05/1609749649491-6c2c06a1-1571-45e4-aed9-c8310d03f1cb.png]
[cdn.lixingyong.com/2021/01/05/1609749880588-ffbbef39-827d-4811-84d0-fb3f8d32b245.png]
[cdn.lixingyong.com/2021/01/05/1609750156919-5b05eb88-4ec3-40d8-8b48-8114ff28593a.png]
[cdn.lixingyong.com/2021/01/05/1609750245249-4fa0a522-5c8d-4eff-a82f-ac10636d064c.png]
[cdn.lixingyong.com/2021/01/05/1609667704809-bde6ca0d-1b26-4f48-96fd-eaf8d24d4e24.png]
[cdn.lixingyong.com/2021/01/05/1609665401631-4699b1f3-7774-4e2f-9c18-99f222dcb848.png]
[lixingyong.com/upload/2021/01/image-06f4a314fd1e465b8dbb3e969fb47d4d.png]
[lixingyong.com/upload/2021/01/image (1)-41bb81f088f34406988c926812b17eab.png]
[lixingyong.com/upload/2021/01/image (2)-dd5d53f5a64e4b78a2d22d87c41eeeaa.png]
[lixingyong.com/upload/2021/01/image (3)-b017b173835c4743a84365a804f02e7e.png]
[lixingyong.com/upload/2021/01/image (4)-4f295005cdbb45518b4e75317238f0d7.png]
[lixingyong.com/upload/2021/01/image (5)-013e095fecf44ddc9a09f37cfed09ccf.png]
[lixingyong.com/upload/2021/01/image (6)-11993110b48a4f2aa63bd3a4f4bfcefd.png]
[lixingyong.com/upload/2021/01/image (7)-d104747f7134402390c36597cde6f19c.png]
[lixingyong.com/upload/2021/01/image (8)-e6717747728c46b499ab4e01b1bf65aa.png]
[cdn.lixingyong.com/2021/02/25/image.png]
[cdn.lixingyong.com/2021/02/25/image0866399a767c314c.png]
[lixingyong.com/upload/2021/01/image (9)-89e6ea828ff54032ad563cb09635f6f9.png]
[lixingyong.com/upload/2021/01/image (10)-824f8e8f59014a098e28f3bc96c5b48d.png]
[lixingyong.com/upload/2021/01/image (11)-3f528bb8309e42d2a63c80fc5a3f691f.png]
[lixingyong.com/upload/2021/01/image (12)-1b70d2bab64e4fd0ba512adab7d6acda.png]
[lixingyong.com/upload/2021/01/image (13)-921d262939a94c3fbe63686f9a214825.png]
[lixingyong.com/upload/2021/01/image (14)-714f6453b7a749c2b56c129a2116829f.png]
[lixingyong.com/upload/2021/01/image (15)-15c975e71abb484385b65f28619873c4.png]
[lixingyong.com/upload/2021/01/image (16)-58f0831faa6944729f187ca3fba48140.png]
[lixingyong.com/upload/2021/01/image (17)-a2115ba884f24ce694dbd0553d5ee7bf.png]
[lixingyong.com/themes/LIlGG_Sakura/source/images/sns/weibo.png]
[lixingyong.com/themes/LIlGG_Sakura/source/images/sns/wechat.png]
[lixingyong.com/themes/LIlGG_Sakura/source/images/sns/douban.png]
[lixingyong.com/themes/LIlGG_Sakura/source/images/sns/qzone.png]
[lixingyong.com/themes/LIlGG_Sakura/source/images/sns/linkedin.png]
[lixingyong.com/2021/01/05/halo主题sakura食用说明.html]
[lixingyong.com/categories/opensource.html]
[lixingyong.com/2020/10/21/随机图片api.html]
[lixingyong.com/categories/api.html]
[lixingyong.com/2020/08/14/xxl-job.html]
[lixingyong.com/categories/experience.html]
[lixingyong.com/2020/08/13/mybatis.html]
[lixingyong.com/2020/06/22/marked.html]
[lixingyong.com/2020/06/18/saiku.html]
[lixingyong.com/2020/06/08/ztree.html]
[lixingyong.com/2020/06/08/nginx-ddos-cc.html]
[lixingyong.com/categories/page.html]
[lixingyong.com/2020/06/08/mysql.html]
[lixingyong.com/2020/06/08/quartz.html]
[lixingyong.com/page/2.html]
[lixingyong.com/themes/LIlGG_Sakura/plugins/live2d/css/flat-ui-icons-regular.eot]
[lixingyong.com/themes/LIlGG_Sakura/plugins/live2d/css/flat-ui-icons-regulard41d.eot]
[lixingyong.com/themes/LIlGG_Sakura/plugins/live2d/css/flat-ui-icons-regular.woff]
[lixingyong.com/themes/LIlGG_Sakura/plugins/live2d/css/flat-ui-icons-regular.ttf]
[lixingyong.com/themes/LIlGG_Sakura/plugins/live2d/css/takagi.min.css]
[lixingyong.com/themes/LIlGG_Sakura/source/fonts/fontawesome-webfont3e6e.svg]
[lixingyong.com/themes/LIlGG_Sakura/plugins/live2d/css/flat-ui-icons-regular.svg]
[lixingyong.com/2020/06/08/jquery-dom-select.html]
[img-blog.csdnimg.cn/20190923162318142.gif]
[lixingyong.com/2020/06/08/nprogress.html]
[img-blog.csdnimg.cn/20190920133008897.gif]
[lixingyong.com/2020/06/08/echarts-monitor.html]
[img-blog.csdnimg.cn/201908071931101.gif]
[lixingyong.com/2020/06/08/vue-autocompletion.html]
[img-blog.csdnimg.cn/20190730094042626.png]
[img-blog.csdnimg.cn/20190730094652201.png]
[img-blog.csdnimg.cn/2019073009480439.png]
[img-blog.csdnimg.cn/2019073009485833978dc.png]
[img-blog.csdnimg.cn/2019073009494927078dc.png]
[img-blog.csdnimg.cn/2019073009502730178dc.png]
[img-blog.csdnimg.cn/2019073009504747478dc.png]
[img-blog.csdnimg.cn/2019073009510145478dc.png]
[img-blog.csdnimg.cn/2019073009512555478dc.png]
[img-blog.csdnimg.cn/2019073009514481778dc.png]
[img-blog.csdnimg.cn/2019073009521071378dc.png]
[cdn.lixingyong.com/halo-sakura/image/4afbfbedab64034fa5c6fe07a0c379310a551da3_1591686002904dfec.jpg]
[lixingyong.com/2020/06/08/vue-install.html]
[service.weibo.com/share/share1ba9.html]
[connect.qq.com/widget/shareqq/index3188.html]
[lixingyong.com/2020/06/08/helloworld.html]
[lixingyong.com/themes/LIlGG_Sakura/source/images/svg/loader/orange.progress-bar-stripe-loader.svg]
[lixingyong.com/categories/tools.html]
[lixingyong.com/categories/工作文章.html]
[lixingyong.com/categories/java.html]
[lixingyong.com/tags/帮助文档.html]
[lixingyong.com/tags/api.html]
[lixingyong.com/tags/主题.html]
[lixingyong.com/tags/分布式.html]
[lixingyong.com/tags/php.html]
[lixingyong.com/tags/mybatisplus.html]
[lixingyong.com/tags/mybatis.html]
[lixingyong.com/tags/git.html]
[lixingyong.com/tags/npm.html]
[lixingyong.com/tags/marked.html]
[lixingyong.com/tags/ztree.html]
[lixingyong.com/tags/nginx.html]
[lixingyong.com/tags/mysql.html]
[lixingyong.com/tags/java.html]
[lixingyong.com/tags/springboot.html]
[lixingyong.com/tags/quartz.html]
[lixingyong.com/tags/jquery.html]
[lixingyong.com/tags/echarts.html]
[lixingyong.com/tags/javascript.html]
[lixingyong.com/tags/vue.html]
[lixingyong.com/themes/LIlGG_Sakura/source/images/svg/loader/trans.ajax-spinner-preloader.svg]
[cdn.lixingyong.com/2020/11/03/image.png]
[cdn.lixingyong.com/2020/09/11/image.png]
[lixingyong.com/journals/page/2.html]
[cdn.nlark.com/yuque/0/2020/png/1387674/1597304720796-71f3dfb2-c725-4c3b-b9f3-85c967c27cd6.html]
[cdn.nlark.com/yuque/0/2020/png/1387674/1597305507303-90861c4a-d1b4-4364-8391-13f8f780d1ac.html]
[cdn.nlark.com/yuque/0/2020/png/1387674/1597306689535-29408af2-8fea-4ab4-8681-5bf7ebf23924.html]
[cdn.nlark.com/yuque/0/2020/png/1387674/1597309997189-4c846e37-c60b-42ba-aec1-dd0946091ab5.html]
[cdn.nlark.com/yuque/0/2020/png/1387674/1597312122951-a16e6840-305e-418d-9ecb-c8640e662d36.html]
[cdn.nlark.com/yuque/0/2020/png/1387674/1597312992193-e2f0e06c-3bac-48f6-8062-7c18a4581a62.html]
[cdn.nlark.com/yuque/0/2020/png/1387674/1597314556609-5b0b2c93-96d8-4688-bfc8-0a002a4848e8.html]
[cdn.nlark.com/yuque/0/2020/png/1387674/1597314689223-3bd67cde-e19b-4687-ad89-05178baac27c.html]
[cdn.nlark.com/yuque/0/2020/png/1387674/1597314773956-efc91f29-bd4a-4b6d-bb86-d6d0b8681dca.html]
[cdn.nlark.com/yuque/0/2020/png/1387674/1594368055652-b9fd77a8-e9a4-4acb-aad0-9c1af732389c.html]
[lixingyong.com/themes/LIlGG_Sakura/plugins/live2d/css/flat-ui-icons-regular.svg]
[lixingyong.com/journals/page/3.html]
[img.t.sinajs.cn/t4/appstyle/widget/css/share/shareae1f.css]
[service.weibo.com/share/;scope.fold =]
[js.t.sinajs.cn/STK/js/gaea_1_19.js]
[js.t.sinajs.cn/open/widget/js/share/shareae1f.js]
[tjs.sjs.sinajs.cn/open/analytics/js/suda.js]
[service.weibo.com/share/share1ba9.html]
[connect.qq.com/js/qqapi.js]
[framework.cdn-go.cn/qlib/1.17.1/index.js]
[static-res.qq.com/static-res/accounts.qq.com/qrcode.min.js]
[qq-web.cdn-go.cn/connect.qq.com_widget_shareqq/latest/reportkit.js]
[connect.qq.com/widget/shareqq/index3188.html]
[www.linkedin.com/shareArticle54fb.html]
[cdn.lixingyong.com/2020/08/21/k5yktB0AV1.png]
[cdn.lixingyong.com/2020/08/18/_20200818160500.jpg]
[cdn.lixingyong.com/2020/08/18/_20200818160427.jpg]
[cdn.lixingyong.com/2020/08/18/IMG_20200802_234049.jpg]
[cdn.lixingyong.com/2020/08/02/IMG_20200802_125132.jpg]
[lixingyong.com/journals/page/3.html]
[img.t.sinajs.cn/t4/appstyle/widget/images/library/base/wb_logo83a5.png]
[img.t.sinajs.cn/t4/appstyle/widget/images/library/base/wb_logo83a5.gif]
[lixingyong.com/journals/page/4.html]
[img.t.sinajs.cn/t4/appstyle/widget/images/library/base/wb_logo16_a26d4.png]
[img.t.sinajs.cn/t4/appstyle/widget/images/library/base/wb_xline_s126d4.png]
[img.t.sinajs.cn/t4/appstyle/widget/images/library/base/wb_xline_s126d4.gif]
[img.t.sinajs.cn/t4/appstyle/widget/images/library/base/wb_xline_s226d4.png]
[img.t.sinajs.cn/t4/appstyle/widget/images/library/base/bg_sharebox26d4.png]
[img.t.sinajs.cn/t4/appstyle/widget/images/library/base/bg_sharebox26d4.gif]
[img.t.sinajs.cn/t4/appstyle/widget/images/library/base/icon_tips26d4.png]
[img.t.sinajs.cn/t4/appstyle/widget/images/library/base/icon_tips26d4.gif]
[img.t.sinajs.cn/t4/appstyle/widget/images/library/base/icon_tools26d4.png]
[img.t.sinajs.cn/t4/appstyle/widget/images/library/base/loading226d4.gif]
[img.t.sinajs.cn/t4/appstyle/widget/images/library/base/loading126d4.gif]
[img.t.sinajs.cn/t4/appstyle/widget/images/library/base/loading426d4.gif]
[img.t.sinajs.cn/t4/appstyle/widget/images/library/base/state_fail26d4.png]
[img.t.sinajs.cn/t4/appstyle/widget/images/library/base/state_fail26d4.gif]
[img.t.sinajs.cn/t4/appstyle/widget/css/share/shareae1f.css]
[js.t.sinajs.cn/STK/js/gaea_1_19.js]
[tjs.sjs.sinajs.cn/t5/register/js/page/remote/loginLayer4478.js]
[img.t.sinajs.cn/t4/appstyle/widget/images/share/wemeet_icon.png]
[rs.sinajs.cn/rc891.gif]
[rs.sinajs.cn/tmpf0c1.gif]
[js.t.sinajs.cn/open/widget/js/share/shareae1f.js]
[tjs.sjs.sinajs.cn/open/analytics/js/suda.js]
[framework.cdn-go.cn/qlib/1.17.1/index.js]
[connect.qq.com/widget/shareqq/url.html]
[qq-web.cdn-go.cn/connect.qq.com_widget_shareqq/latest/reportkit.js]
[lixingyong.com/journals/page/4.html]
[tjs.sjs.sinajs.cn/t5/register/js/page/remote/loginLayer4478.js]
[s1.sinaedge.com/whba18a.gif]
